<html>
<body>
<pre>
<h1>µVision Build Log</h1>
<h2>Tool Versions:</h2>
IDE-Version: ¦ÌVision V5.23.0.0
Copyright (C) 2017 ARM Ltd and ARM Germany GmbH. All rights reserved.
License Information: 111 snh48_jjh@163.com, 111, LIC=NQQMA-1RTP0-IIW5V-P8K7G-N60J7-SYQRC
 
Tool Versions:
Toolchain:       MDK-ARM Plus  Version: 5.23
Toolchain Path:  C:\Keil_v5\ARM\ARMCC\Bin
C Compiler:      Armcc.exe V5.06 update 4 (build 422)
Assembler:       Armasm.exe V5.06 update 4 (build 422)
Linker/Locator:  ArmLink.exe V5.06 update 4 (build 422)
Library Manager: ArmAr.exe V5.06 update 4 (build 422)
Hex Converter:   FromElf.exe V5.06 update 4 (build 422)
CPU DLL:         SARMCM3.DLL V5.23
Dialog DLL:      DCM.DLL V1.15.0.0
Target DLL:      STLink\ST-LINKIII-KEIL_SWO.dll V2.0.18.0
Dialog DLL:      TCM.DLL V1.27.0.0
 
<h2>Project:</h2>
E:\BIT_Graduate_student\the first half of 2024\STM32\BoardA\BoardAProgram2\MDK-ARM\Imu.uvprojx
Project File Date:  06/14/2024

<h2>Output:</h2>
*** Using Compiler 'V5.06 update 4 (build 422)', folder: 'C:\Keil_v5\ARM\ARMCC\Bin'
Rebuild target 'Imu'
assembling startup_stm32f427xx.s...
compiling stm32f4xx_it.c...
compiling gpio.c...
compiling stm32f4xx_hal_msp.c...
compiling can.c...
compiling spi.c...
compiling usart.c...
compiling system_stm32f4xx.c...
compiling tim.c...
compiling bsp_imu.c...
compiling main.c...
../Src/main.c(233): warning:  #188-D: enumerated type mixed with another type
           HAL_GPIO_WritePin(
PIOF,
PIO_PIN_14,1);  
../Src/main.c(234): warning:  #188-D: enumerated type mixed with another type
  		     HAL_GPIO_WritePin(
PIOE,
PIO_PIN_11,0);   
../Src/main.c(240): warning:  #188-D: enumerated type mixed with another type
  					HAL_GPIO_WritePin(
PIOF,
PIO_PIN_14,0);  
../Src/main.c(241): warning:  #188-D: enumerated type mixed with another type
  		      HAL_GPIO_WritePin(
PIOE,
PIO_PIN_11,1);   
../Src/main.c: 4 warnings, 0 errors
compiling stm32f4xx_hal_can.c...
compiling stm32f4xx_hal_rcc.c...
compiling stm32f4xx_hal_rcc_ex.c...
compiling stm32f4xx_hal_flash.c...
compiling stm32f4xx_hal_flash_ex.c...
compiling stm32f4xx_hal_flash_ramfunc.c...
compiling stm32f4xx_hal_gpio.c...
compiling stm32f4xx_hal_dma.c...
compiling stm32f4xx_hal_cortex.c...
compiling stm32f4xx_hal_exti.c...
compiling stm32f4xx_hal.c...
compiling stm32f4xx_hal_pwr_ex.c...
compiling stm32f4xx_hal_dma_ex.c...
compiling stm32f4xx_hal_pwr.c...
compiling stm32f4xx_hal_tim_ex.c...
compiling stm32f4xx_hal_uart.c...
compiling stm32f4xx_hal_spi.c...
compiling stm32f4xx_hal_tim.c...
linking...
Program Size: Code=12704 RO-data=484 RW-data=140 ZI-data=1436  
"Imu\Imu.axf" - 0 Error(s), 4 Warning(s).

<h2>Software Packages used:</h2>

Package Vendor: ARM
                http://www.keil.com/pack/ARM.CMSIS.5.0.1.pack
                ARM::CMSIS:CORE:5.0.1
                CMSIS (Cortex Microcontroller Software Interface Standard)
   * Component: CORE Version: 5.0.1

<h2>Collection of Component include folders:</h2>
  .\RTE\_Imu
  C:\Keil_v5\ARM\PACK\ARM\CMSIS\5.0.1\CMSIS\Include
  C:\Keil_v5\ARM\PACK\Keil\STM32F4xx_DFP\2.17.1\Drivers\CMSIS\Device\ST\STM32F4xx\Include

<h2>Collection of Component Files used:</h2>

   * Component: ARM::CMSIS:CORE:5.0.1
Build Time Elapsed:  00:00:21
</pre>
</body>
</html>
